*',+',-',/',<*T>,<+S>,<-S>,</T>,<S]>,L,S,T,[',]'
*,+,-,/,[,],a,b
S
*'->*
+'->+
-'->-
/'->/
<*T>->*'T
<+S>->+'S
<-S>->-'S
</T>->/'T
<S]>->S]'
L->['<S]>
L->a
L->b
S->L<*T>
S->L</T>
S->T<+S>
S->T<-S>
S->['<S]>
S->a
S->b
T->L<*T>
T->L</T>
T->['<S]>
T->a
T->b
['->[
]'->]
