T,A,S,B,<SB>,<AS>,<bS>,a',b'
a,b
T
T->A<SB>
T->SB
T->AS
S->A<SB>
S->SB
S->AS
A->a'<AS>
A->a
A->a'S
B->S<bS>
B->b'b'
B->a'<AS>
B->a
B->a'S
<SB>->SB
<AS>->AS
<bS>->b'S
a'->a
b'->b